// Jest Snapshot v1, https://goo.gl/fbAQLP

exports[`Socket: saga subscribe events 1`] = `
Object {
  "close": [Function],
  "flush": [Function],
  "take": [Function],
}
`;
