// Jest Snapshot v1, https://goo.gl/fbAQLP

exports[`Lib: apiErrorHandler with response 1`] = `
Object {
  "data": "Here is response data",
}
`;
