// Jest Snapshot v1, https://goo.gl/fbAQLP

exports[`Lib: checkS3Credentials when s3 is available 1`] = `true`;

exports[`Lib: checkS3Credentials when s3 is unavailable 1`] = `false`;
