// Jest Snapshot v1, https://goo.gl/fbAQLP

exports[`SendTokens: reducer initiate sendTokensRequest 1`] = `
Object {
  "from": "tanuj",
  "fromAddress": "af2edbd07a49eeaccb31a1cd3b6f7d81083ea1ca",
  "isOpen": true,
  "password": "pass",
  "result": "Sending...",
  "to": undefined,
  "toAddress": "60122a032bebcb89e228899b60c4d190b5a17aa3",
  "value": 3,
}
`;

exports[`SendTokens: reducer modal close 1`] = `
Object {
  "isOpen": false,
}
`;

exports[`SendTokens: reducer modal open 1`] = `
Object {
  "isOpen": true,
  "result": "Waiting to send...",
}
`;

exports[`SendTokens: reducer set initial state 1`] = `
Object {
  "isOpen": false,
  "result": "Waiting to send...",
}
`;

exports[`SendTokens: reducer update error on sendTokensRequest failure 1`] = `
Object {
  "isOpen": false,
  "result": "ERROR",
}
`;

exports[`SendTokens: reducer update fromUserName 1`] = `
Object {
  "fromUsername": "admin_01555",
  "isOpen": false,
  "result": "Waiting to send...",
}
`;

exports[`SendTokens: reducer update toUserName 1`] = `
Object {
  "isOpen": false,
  "result": "Waiting to send...",
  "toUsername": "admin_01555",
}
`;

exports[`SendTokens: reducer update tokens on sendTokensRequest success 1`] = `
Object {
  "isOpen": false,
  "result": Array [
    "Send success
{\\"status\\":\\"Success\\"
\\"hash\\":\\"5c93794214fc3fcecf7a6948d74010a5a1859a878322a91135c1ed30c8c7a505\\",\\"txResult\\":{\\"deletedStorage\\":\\"\\",\\"contractsDeleted\\":\\"\\",\\"gasUsed\\":\\"fffffffffffffffffffffffffffffffffffffea5d673c17979a68f69f6bb6d05\\",\\"stateDiff\\":\\"\\",\\"time\\":0.001571,\\"response\\":\\"\\",\\"blockHash\\":\\"8ad1956129dfc60c1c56bfa5a09bcc56c3a0ef821c315ff9dcb3e9369644f304\\",\\"transactionHash\\":\\"5c93794214fc3fcecf7a6948d74010a5a1859a878322a91135c1ed30c8c7a505\\",\\"etherUsed\\":\\"fffffffffffffffffffffffffffffff7f0b6410b45ad711fb646ec5b299a6500\\",\\"newStorage\\":\\"\\",\\"message\\":\\"Success!\\",\\"trace\\":\\"\\",\\"contractsCreated\\":\\"\\"},\\"data\\":{\\"tag\\":\\"Send\\",\\"contents\\":{\\"hash\\":\\"5c93794214fc3fcecf7a6948d74010a5a1859a878322a91135c1ed30c8c7a505\\",\\"gasLimit\\":\\"100000000\\",\\"codeOrData\\":\\"\\",\\"gasPrice\\":\\"1\\",\\"to\\":\\"bc7199468816b3b92e54828affa08a010e9adb02\\",\\"value\\":\\"3\\",\\"from\\":\\"af2edbd07a49eeaccb31a1cd3b6f7d81083ea1ca\\",\\"r\\":\\"cee32f8ca5281b5687eae25f8fe1fcfeda8707d5ba17d3c7dbc54208d7016b63\\",\\"s\\":\\"7cea7e78f1d64be2c5036e1c29c3f6238ce09211cceb00e4d2aba14487465331\\",\\"v\\":\\"1b\\",\\"nonce\\":\\"1\\"}}}",
  ],
}
`;
